
Memory Configuration

Name             Origin             Length             Attributes
flash            0x00000000         0x20000000         xr
sram             0x20000000         0x20000000         xrw
*default*        0x00000000         0xffffffff

Linker script and memory map


.text           0x00000000      0x1ac
                0x00000000                _text_start = .
 *(.vectors*)
 .vectors       0x00000000       0x1c startup.o
                0x00000000                vectors
 *(.text*)
 .text          0x0000001c       0xd4 main.o
                0x0000001c                main
 .text          0x000000f0       0xbc startup.o
                0x000000f0                NMI_handler
                0x000000f0                h_fault_handler
                0x000000f0                bus_fault
                0x000000f0                mm_fault_handler
                0x000000f0                usage_fault_handler
                0x000000f0                default_handler
                0x000000fc                reset_handler
 *(.rodata)
                0x000001ac                _text_end = .

.glue_7         0x000001ac        0x0
 .glue_7        0x00000000        0x0 linker stubs

.glue_7t        0x000001ac        0x0
 .glue_7t       0x00000000        0x0 linker stubs

.vfp11_veneer   0x000001ac        0x0
 .vfp11_veneer  0x00000000        0x0 linker stubs

.v4_bx          0x000001ac        0x0
 .v4_bx         0x00000000        0x0 linker stubs

.iplt           0x000001ac        0x0
 .iplt          0x00000000        0x0 main.o

.rel.dyn        0x000001ac        0x0
 .rel.iplt      0x00000000        0x0 main.o

.data           0x20000000        0x0 load address 0x000001ac
                0x20000000                _s_data = .
 *(.data)
 .data          0x20000000        0x0 main.o
 .data          0x20000000        0x0 startup.o
                0x20000000                . = ALIGN (0x4)
                0x20000000                _e_data = .

.igot.plt       0x20000000        0x0 load address 0x000001ac
 .igot.plt      0x00000000        0x0 main.o

.bss            0x20000000      0x400 load address 0x000001ac
                0x20000000                _s_bss = .
 *(.bss*)
 .bss           0x20000000        0x0 main.o
 .bss           0x20000000      0x400 startup.o
                0x20000400                _e_bss = .
LOAD main.o
LOAD startup.o
OUTPUT(toggle-cortex-m4.elf elf32-littlearm)

.debug_info     0x00000000      0x1e0
 .debug_info    0x00000000       0x5c main.o
 .debug_info    0x0000005c      0x184 startup.o

.debug_abbrev   0x00000000      0x119
 .debug_abbrev  0x00000000       0x4f main.o
 .debug_abbrev  0x0000004f       0xca startup.o

.debug_loc      0x00000000       0x9c
 .debug_loc     0x00000000       0x38 main.o
 .debug_loc     0x00000038       0x64 startup.o

.debug_aranges  0x00000000       0x40
 .debug_aranges
                0x00000000       0x20 main.o
 .debug_aranges
                0x00000020       0x20 startup.o

.debug_line     0x00000000       0xca
 .debug_line    0x00000000       0x63 main.o
 .debug_line    0x00000063       0x67 startup.o

.debug_str      0x00000000      0x101
 .debug_str     0x00000000       0x35 main.o
 .debug_str     0x00000035       0xcc startup.o
                                0x129 (size before relaxing)

.comment        0x00000000       0x11
 .comment       0x00000000       0x11 main.o
                                 0x12 (size before relaxing)
 .comment       0x00000000       0x12 startup.o

.ARM.attributes
                0x00000000       0x33
 .ARM.attributes
                0x00000000       0x33 main.o
 .ARM.attributes
                0x00000033       0x33 startup.o

.debug_frame    0x00000000       0x78
 .debug_frame   0x00000000       0x2c main.o
 .debug_frame   0x0000002c       0x4c startup.o
